The request analysis.setAnalysisRoots failed with the following error:
RequestErrorCode.PLUGIN_ERROR
A request threw the exception:Unknown request: analysis.setAnalysisRoots
null
at:
#0      SocketCustomLintServerToClientChannel.sendCustomLintRequest (package:custom_lint/src/v2/server_to_client_channel.dart:273)
<asynchronous suspension>
#1      SocketCustomLintServerToClientChannel.sendAnalyzerPluginRequest (package:custom_lint/src/v2/server_to_client_channel.dart:234)
<asynchronous suspension>
#2      CustomLintServer._handleRequest.<anonymous closure>.<anonymous closure> (package:custom_lint/src/v2/custom_lint_analyzer_plugin.dart:192)
<asynchronous suspension>
#3      PendingOperation.run (package:custom_lint/src/async_operation.dart:22)
<asynchronous suspension>
#4      CustomLintServer._handleRequest (package:custom_lint/src/v2/custom_lint_analyzer_plugin.dart:175)
<asynchronous suspension>

The request analysis.setAnalysisRoots failed with the following error:
RequestErrorCode.PLUGIN_ERROR
A request threw the exception:Unknown request: analysis.setAnalysisRoots
null
at:
#0      SocketCustomLintServerToClientChannel.sendCustomLintRequest (package:custom_lint/src/v2/server_to_client_channel.dart:273)
<asynchronous suspension>
#1      SocketCustomLintServerToClientChannel.sendAnalyzerPluginRequest (package:custom_lint/src/v2/server_to_client_channel.dart:234)
<asynchronous suspension>
#2      CustomLintServer._handleRequest.<anonymous closure>.<anonymous closure> (package:custom_lint/src/v2/custom_lint_analyzer_plugin.dart:192)
<asynchronous suspension>
#3      PendingOperation.run (package:custom_lint/src/async_operation.dart:22)
<asynchronous suspension>
#4      CustomLintServer._handleRequest (package:custom_lint/src/v2/custom_lint_analyzer_plugin.dart:175)
<asynchronous suspension>

The request analysis.setAnalysisRoots failed with the following error:
RequestErrorCode.PLUGIN_ERROR
A request threw the exception:Unknown request: analysis.setAnalysisRoots
null
at:
#0      SocketCustomLintServerToClientChannel.sendCustomLintRequest (package:custom_lint/src/v2/server_to_client_channel.dart:273)
<asynchronous suspension>
#1      SocketCustomLintServerToClientChannel.sendAnalyzerPluginRequest (package:custom_lint/src/v2/server_to_client_channel.dart:234)
<asynchronous suspension>
#2      CustomLintServer._handleRequest.<anonymous closure>.<anonymous closure> (package:custom_lint/src/v2/custom_lint_analyzer_plugin.dart:192)
<asynchronous suspension>
#3      PendingOperation.run (package:custom_lint/src/async_operation.dart:22)
<asynchronous suspension>
#4      CustomLintServer._handleRequest (package:custom_lint/src/v2/custom_lint_analyzer_plugin.dart:175)
<asynchronous suspension>

The request analysis.setAnalysisRoots failed with the following error:
RequestErrorCode.PLUGIN_ERROR
A request threw the exception:Unknown request: analysis.setAnalysisRoots
null
at:
#0      SocketCustomLintServerToClientChannel.sendCustomLintRequest (package:custom_lint/src/v2/server_to_client_channel.dart:273)
<asynchronous suspension>
#1      SocketCustomLintServerToClientChannel.sendAnalyzerPluginRequest (package:custom_lint/src/v2/server_to_client_channel.dart:234)
<asynchronous suspension>
#2      CustomLintServer._handleRequest.<anonymous closure>.<anonymous closure> (package:custom_lint/src/v2/custom_lint_analyzer_plugin.dart:192)
<asynchronous suspension>
#3      PendingOperation.run (package:custom_lint/src/async_operation.dart:22)
<asynchronous suspension>
#4      CustomLintServer._handleRequest (package:custom_lint/src/v2/custom_lint_analyzer_plugin.dart:175)
<asynchronous suspension>

The request analysis.setAnalysisRoots failed with the following error:
RequestErrorCode.PLUGIN_ERROR
A request threw the exception:Unknown request: analysis.setAnalysisRoots
null
at:
#0      SocketCustomLintServerToClientChannel.sendCustomLintRequest (package:custom_lint/src/v2/server_to_client_channel.dart:273)
<asynchronous suspension>
#1      SocketCustomLintServerToClientChannel.sendAnalyzerPluginRequest (package:custom_lint/src/v2/server_to_client_channel.dart:234)
<asynchronous suspension>
#2      CustomLintServer._handleRequest.<anonymous closure>.<anonymous closure> (package:custom_lint/src/v2/custom_lint_analyzer_plugin.dart:192)
<asynchronous suspension>
#3      PendingOperation.run (package:custom_lint/src/async_operation.dart:22)
<asynchronous suspension>
#4      CustomLintServer._handleRequest (package:custom_lint/src/v2/custom_lint_analyzer_plugin.dart:175)
<asynchronous suspension>

The request analysis.setAnalysisRoots failed with the following error:
RequestErrorCode.PLUGIN_ERROR
A request threw the exception:Unknown request: analysis.setAnalysisRoots
null
at:
#0      SocketCustomLintServerToClientChannel.sendCustomLintRequest (package:custom_lint/src/v2/server_to_client_channel.dart:273)
<asynchronous suspension>
#1      SocketCustomLintServerToClientChannel.sendAnalyzerPluginRequest (package:custom_lint/src/v2/server_to_client_channel.dart:234)
<asynchronous suspension>
#2      CustomLintServer._handleRequest.<anonymous closure>.<anonymous closure> (package:custom_lint/src/v2/custom_lint_analyzer_plugin.dart:192)
<asynchronous suspension>
#3      PendingOperation.run (package:custom_lint/src/async_operation.dart:22)
<asynchronous suspension>
#4      CustomLintServer._handleRequest (package:custom_lint/src/v2/custom_lint_analyzer_plugin.dart:175)
<asynchronous suspension>

The request analysis.setAnalysisRoots failed with the following error:
RequestErrorCode.PLUGIN_ERROR
A request threw the exception:Unknown request: analysis.setAnalysisRoots
null
at:
#0      SocketCustomLintServerToClientChannel.sendCustomLintRequest (package:custom_lint/src/v2/server_to_client_channel.dart:273)
<asynchronous suspension>
#1      SocketCustomLintServerToClientChannel.sendAnalyzerPluginRequest (package:custom_lint/src/v2/server_to_client_channel.dart:234)
<asynchronous suspension>
#2      CustomLintServer._handleRequest.<anonymous closure>.<anonymous closure> (package:custom_lint/src/v2/custom_lint_analyzer_plugin.dart:192)
<asynchronous suspension>
#3      PendingOperation.run (package:custom_lint/src/async_operation.dart:22)
<asynchronous suspension>
#4      CustomLintServer._handleRequest (package:custom_lint/src/v2/custom_lint_analyzer_plugin.dart:175)
<asynchronous suspension>

The request analysis.setAnalysisRoots failed with the following error:
RequestErrorCode.PLUGIN_ERROR
A request threw the exception:Unknown request: analysis.setAnalysisRoots
null
at:
#0      SocketCustomLintServerToClientChannel.sendCustomLintRequest (package:custom_lint/src/v2/server_to_client_channel.dart:273)
<asynchronous suspension>
#1      SocketCustomLintServerToClientChannel.sendAnalyzerPluginRequest (package:custom_lint/src/v2/server_to_client_channel.dart:234)
<asynchronous suspension>
#2      CustomLintServer._handleRequest.<anonymous closure>.<anonymous closure> (package:custom_lint/src/v2/custom_lint_analyzer_plugin.dart:192)
<asynchronous suspension>
#3      PendingOperation.run (package:custom_lint/src/async_operation.dart:22)
<asynchronous suspension>
#4      CustomLintServer._handleRequest (package:custom_lint/src/v2/custom_lint_analyzer_plugin.dart:175)
<asynchronous suspension>

The request analysis.setAnalysisRoots failed with the following error:
RequestErrorCode.PLUGIN_ERROR
A request threw the exception:Unknown request: analysis.setAnalysisRoots
null
at:
#0      SocketCustomLintServerToClientChannel.sendCustomLintRequest (package:custom_lint/src/v2/server_to_client_channel.dart:273)
<asynchronous suspension>
#1      SocketCustomLintServerToClientChannel.sendAnalyzerPluginRequest (package:custom_lint/src/v2/server_to_client_channel.dart:234)
<asynchronous suspension>
#2      CustomLintServer._handleRequest.<anonymous closure>.<anonymous closure> (package:custom_lint/src/v2/custom_lint_analyzer_plugin.dart:192)
<asynchronous suspension>
#3      PendingOperation.run (package:custom_lint/src/async_operation.dart:22)
<asynchronous suspension>
#4      CustomLintServer._handleRequest (package:custom_lint/src/v2/custom_lint_analyzer_plugin.dart:175)
<asynchronous suspension>

The request analysis.setAnalysisRoots failed with the following error:
RequestErrorCode.PLUGIN_ERROR
A request threw the exception:Unknown request: analysis.setAnalysisRoots
null
at:
#0      SocketCustomLintServerToClientChannel.sendCustomLintRequest (package:custom_lint/src/v2/server_to_client_channel.dart:273)
<asynchronous suspension>
#1      SocketCustomLintServerToClientChannel.sendAnalyzerPluginRequest (package:custom_lint/src/v2/server_to_client_channel.dart:234)
<asynchronous suspension>
#2      CustomLintServer._handleRequest.<anonymous closure>.<anonymous closure> (package:custom_lint/src/v2/custom_lint_analyzer_plugin.dart:192)
<asynchronous suspension>
#3      PendingOperation.run (package:custom_lint/src/async_operation.dart:22)
<asynchronous suspension>
#4      CustomLintServer._handleRequest (package:custom_lint/src/v2/custom_lint_analyzer_plugin.dart:175)
<asynchronous suspension>

The request analysis.setAnalysisRoots failed with the following error:
RequestErrorCode.PLUGIN_ERROR
A request threw the exception:Unknown request: analysis.setAnalysisRoots
null
at:
#0      SocketCustomLintServerToClientChannel.sendCustomLintRequest (package:custom_lint/src/v2/server_to_client_channel.dart:273)
<asynchronous suspension>
#1      SocketCustomLintServerToClientChannel.sendAnalyzerPluginRequest (package:custom_lint/src/v2/server_to_client_channel.dart:234)
<asynchronous suspension>
#2      CustomLintServer._handleRequest.<anonymous closure>.<anonymous closure> (package:custom_lint/src/v2/custom_lint_analyzer_plugin.dart:192)
<asynchronous suspension>
#3      PendingOperation.run (package:custom_lint/src/async_operation.dart:22)
<asynchronous suspension>
#4      CustomLintServer._handleRequest (package:custom_lint/src/v2/custom_lint_analyzer_plugin.dart:175)
<asynchronous suspension>

The request analysis.setAnalysisRoots failed with the following error:
RequestErrorCode.PLUGIN_ERROR
A request threw the exception:Unknown request: analysis.setAnalysisRoots
null
at:
#0      SocketCustomLintServerToClientChannel.sendCustomLintRequest (package:custom_lint/src/v2/server_to_client_channel.dart:273)
<asynchronous suspension>
#1      SocketCustomLintServerToClientChannel.sendAnalyzerPluginRequest (package:custom_lint/src/v2/server_to_client_channel.dart:234)
<asynchronous suspension>
#2      CustomLintServer._handleRequest.<anonymous closure>.<anonymous closure> (package:custom_lint/src/v2/custom_lint_analyzer_plugin.dart:192)
<asynchronous suspension>
#3      PendingOperation.run (package:custom_lint/src/async_operation.dart:22)
<asynchronous suspension>
#4      CustomLintServer._handleRequest (package:custom_lint/src/v2/custom_lint_analyzer_plugin.dart:175)
<asynchronous suspension>

The request analysis.setAnalysisRoots failed with the following error:
RequestErrorCode.PLUGIN_ERROR
A request threw the exception:Unknown request: analysis.setAnalysisRoots
null
at:
#0      SocketCustomLintServerToClientChannel.sendCustomLintRequest (package:custom_lint/src/v2/server_to_client_channel.dart:273)
<asynchronous suspension>
#1      SocketCustomLintServerToClientChannel.sendAnalyzerPluginRequest (package:custom_lint/src/v2/server_to_client_channel.dart:234)
<asynchronous suspension>
#2      CustomLintServer._handleRequest.<anonymous closure>.<anonymous closure> (package:custom_lint/src/v2/custom_lint_analyzer_plugin.dart:192)
<asynchronous suspension>
#3      PendingOperation.run (package:custom_lint/src/async_operation.dart:22)
<asynchronous suspension>
#4      CustomLintServer._handleRequest (package:custom_lint/src/v2/custom_lint_analyzer_plugin.dart:175)
<asynchronous suspension>

The request analysis.setAnalysisRoots failed with the following error:
RequestErrorCode.PLUGIN_ERROR
A request threw the exception:Unknown request: analysis.setAnalysisRoots
null
at:
#0      SocketCustomLintServerToClientChannel.sendCustomLintRequest (package:custom_lint/src/v2/server_to_client_channel.dart:273)
<asynchronous suspension>
#1      SocketCustomLintServerToClientChannel.sendAnalyzerPluginRequest (package:custom_lint/src/v2/server_to_client_channel.dart:234)
<asynchronous suspension>
#2      CustomLintServer._handleRequest.<anonymous closure>.<anonymous closure> (package:custom_lint/src/v2/custom_lint_analyzer_plugin.dart:192)
<asynchronous suspension>
#3      PendingOperation.run (package:custom_lint/src/async_operation.dart:22)
<asynchronous suspension>
#4      CustomLintServer._handleRequest (package:custom_lint/src/v2/custom_lint_analyzer_plugin.dart:175)
<asynchronous suspension>

The request analysis.setAnalysisRoots failed with the following error:
RequestErrorCode.PLUGIN_ERROR
A request threw the exception:Unknown request: analysis.setAnalysisRoots
null
at:
#0      SocketCustomLintServerToClientChannel.sendCustomLintRequest (package:custom_lint/src/v2/server_to_client_channel.dart:273)
<asynchronous suspension>
#1      SocketCustomLintServerToClientChannel.sendAnalyzerPluginRequest (package:custom_lint/src/v2/server_to_client_channel.dart:234)
<asynchronous suspension>
#2      CustomLintServer._handleRequest.<anonymous closure>.<anonymous closure> (package:custom_lint/src/v2/custom_lint_analyzer_plugin.dart:192)
<asynchronous suspension>
#3      PendingOperation.run (package:custom_lint/src/async_operation.dart:22)
<asynchronous suspension>
#4      CustomLintServer._handleRequest (package:custom_lint/src/v2/custom_lint_analyzer_plugin.dart:175)
<asynchronous suspension>

The request analysis.setAnalysisRoots failed with the following error:
RequestErrorCode.PLUGIN_ERROR
A request threw the exception:Unknown request: analysis.setAnalysisRoots
null
at:
#0      SocketCustomLintServerToClientChannel.sendCustomLintRequest (package:custom_lint/src/v2/server_to_client_channel.dart:273)
<asynchronous suspension>
#1      SocketCustomLintServerToClientChannel.sendAnalyzerPluginRequest (package:custom_lint/src/v2/server_to_client_channel.dart:234)
<asynchronous suspension>
#2      CustomLintServer._handleRequest.<anonymous closure>.<anonymous closure> (package:custom_lint/src/v2/custom_lint_analyzer_plugin.dart:192)
<asynchronous suspension>
#3      PendingOperation.run (package:custom_lint/src/async_operation.dart:22)
<asynchronous suspension>
#4      CustomLintServer._handleRequest (package:custom_lint/src/v2/custom_lint_analyzer_plugin.dart:175)
<asynchronous suspension>

The request analysis.setAnalysisRoots failed with the following error:
RequestErrorCode.PLUGIN_ERROR
A request threw the exception:Unknown request: analysis.setAnalysisRoots
null
at:
#0      SocketCustomLintServerToClientChannel.sendCustomLintRequest (package:custom_lint/src/v2/server_to_client_channel.dart:273)
<asynchronous suspension>
#1      SocketCustomLintServerToClientChannel.sendAnalyzerPluginRequest (package:custom_lint/src/v2/server_to_client_channel.dart:234)
<asynchronous suspension>
#2      CustomLintServer._handleRequest.<anonymous closure>.<anonymous closure> (package:custom_lint/src/v2/custom_lint_analyzer_plugin.dart:192)
<asynchronous suspension>
#3      PendingOperation.run (package:custom_lint/src/async_operation.dart:22)
<asynchronous suspension>
#4      CustomLintServer._handleRequest (package:custom_lint/src/v2/custom_lint_analyzer_plugin.dart:175)
<asynchronous suspension>

The request analysis.setAnalysisRoots failed with the following error:
RequestErrorCode.PLUGIN_ERROR
A request threw the exception:Unknown request: analysis.setAnalysisRoots
null
at:
#0      SocketCustomLintServerToClientChannel.sendCustomLintRequest (package:custom_lint/src/v2/server_to_client_channel.dart:273)
<asynchronous suspension>
#1      SocketCustomLintServerToClientChannel.sendAnalyzerPluginRequest (package:custom_lint/src/v2/server_to_client_channel.dart:234)
<asynchronous suspension>
#2      CustomLintServer._handleRequest.<anonymous closure>.<anonymous closure> (package:custom_lint/src/v2/custom_lint_analyzer_plugin.dart:192)
<asynchronous suspension>
#3      PendingOperation.run (package:custom_lint/src/async_operation.dart:22)
<asynchronous suspension>
#4      CustomLintServer._handleRequest (package:custom_lint/src/v2/custom_lint_analyzer_plugin.dart:175)
<asynchronous suspension>

The request analysis.setAnalysisRoots failed with the following error:
RequestErrorCode.PLUGIN_ERROR
A request threw the exception:Unknown request: analysis.setAnalysisRoots
null
at:
#0      SocketCustomLintServerToClientChannel.sendCustomLintRequest (package:custom_lint/src/v2/server_to_client_channel.dart:273)
<asynchronous suspension>
#1      SocketCustomLintServerToClientChannel.sendAnalyzerPluginRequest (package:custom_lint/src/v2/server_to_client_channel.dart:234)
<asynchronous suspension>
#2      CustomLintServer._handleRequest.<anonymous closure>.<anonymous closure> (package:custom_lint/src/v2/custom_lint_analyzer_plugin.dart:192)
<asynchronous suspension>
#3      PendingOperation.run (package:custom_lint/src/async_operation.dart:22)
<asynchronous suspension>
#4      CustomLintServer._handleRequest (package:custom_lint/src/v2/custom_lint_analyzer_plugin.dart:175)
<asynchronous suspension>

The request analysis.setAnalysisRoots failed with the following error:
RequestErrorCode.PLUGIN_ERROR
A request threw the exception:Unknown request: analysis.setAnalysisRoots
null
at:
#0      SocketCustomLintServerToClientChannel.sendCustomLintRequest (package:custom_lint/src/v2/server_to_client_channel.dart:273)
<asynchronous suspension>
#1      SocketCustomLintServerToClientChannel.sendAnalyzerPluginRequest (package:custom_lint/src/v2/server_to_client_channel.dart:234)
<asynchronous suspension>
#2      CustomLintServer._handleRequest.<anonymous closure>.<anonymous closure> (package:custom_lint/src/v2/custom_lint_analyzer_plugin.dart:192)
<asynchronous suspension>
#3      PendingOperation.run (package:custom_lint/src/async_operation.dart:22)
<asynchronous suspension>
#4      CustomLintServer._handleRequest (package:custom_lint/src/v2/custom_lint_analyzer_plugin.dart:175)
<asynchronous suspension>

The request analysis.setContextRoots failed with the following error:
RequestErrorCode.PLUGIN_ERROR
Failed to read pubspec.yaml at C:\Users\manis\Desktop\workspace\workspace:
ParsedYamlException: line 14, column 3: Unsupported value for "dependencies". type 'String' is not a subtype of type 'Map<dynamic, dynamic>?' in type cast
   ╷
14 │   path:any
   │   ^^^^^^^^
   ╵
#0      checkedYamlDecode (package:checked_yaml/checked_yaml.dart:47)
#1      new Pubspec.parse (package:pubspec_parse/src/pubspec.dart:182)
#2      parsePubspec (package:custom_lint_core/src/package_utils.dart:89)
<asynchronous suspension>
#3      CustomLintProject.parse (package:custom_lint/src/workspace.dart:920)
<asynchronous suspension>
#4      Future.wait.<anonymous closure> (dart:async/future.dart:567)
<asynchronous suspension>
#5      CustomLintWorkspace.fromContextRoots (package:custom_lint/src/workspace.dart:515)
<asynchronous suspension>
#6      SocketCustomLintServerToClientChannel.create (package:custom_lint/src/v2/server_to_client_channel.dart:54)
<asynchronous suspension>
#7      CustomLintServer._maybeSpawnCustomLintPlugin (package:custom_lint/src/v2/custom_lint_analyzer_plugin.dart:362)
<asynchronous suspension>
#8      CustomLintServer._handleAnalysisSetContextRoots.<anonymous closure> (package:custom_lint/src/v2/custom_lint_analyzer_plugin.dart:343)
<asynchronous suspension>
#9      PendingOperation.run (package:custom_lint/src/async_operation.dart:22)
<asynchronous suspension>
#10     CustomLintServer._handleRequest (package:custom_lint/src/v2/custom_lint_analyzer_plugin.dart:175)
<asynchronous suspension>

at:
#0      CustomLintProject.parse.<anonymous closure> (package:custom_lint/src/workspace.dart:923)
#1      _rootRunBinary (dart:async/zone_root.dart:70)
#2      _CustomZone.runBinary (dart:async/zone.dart:822)
#3      _FutureListener.handleError (dart:async/future_impl.dart:237)
#4      Future._propagateToListeners.handleError (dart:async/future_impl.dart:960)
#5      Future._propagateToListeners (dart:async/future_impl.dart:981)
#6      Future._completeErrorObject (dart:async/future_impl.dart:738)
#7      Future._completeError (dart:async/future_impl.dart:742)
<asynchronous suspension>

The request analysis.setAnalysisRoots failed with the following error:
RequestErrorCode.PLUGIN_ERROR
Failed to read pubspec.yaml at C:\Users\manis\Desktop\workspace\workspace:
ParsedYamlException: line 14, column 3: Unsupported value for "dependencies". type 'String' is not a subtype of type 'Map<dynamic, dynamic>?' in type cast
   ╷
14 │   path:any
   │   ^^^^^^^^
   ╵
#0      checkedYamlDecode (package:checked_yaml/checked_yaml.dart:47)
#1      new Pubspec.parse (package:pubspec_parse/src/pubspec.dart:182)
#2      parsePubspec (package:custom_lint_core/src/package_utils.dart:89)
<asynchronous suspension>
#3      CustomLintProject.parse (package:custom_lint/src/workspace.dart:920)
<asynchronous suspension>
#4      Future.wait.<anonymous closure> (dart:async/future.dart:567)
<asynchronous suspension>
#5      CustomLintWorkspace.fromContextRoots (package:custom_lint/src/workspace.dart:515)
<asynchronous suspension>
#6      SocketCustomLintServerToClientChannel.create (package:custom_lint/src/v2/server_to_client_channel.dart:54)
<asynchronous suspension>
#7      CustomLintServer._maybeSpawnCustomLintPlugin (package:custom_lint/src/v2/custom_lint_analyzer_plugin.dart:362)
<asynchronous suspension>
#8      CustomLintServer._handleAnalysisSetContextRoots.<anonymous closure> (package:custom_lint/src/v2/custom_lint_analyzer_plugin.dart:343)
<asynchronous suspension>
#9      PendingOperation.run (package:custom_lint/src/async_operation.dart:22)
<asynchronous suspension>
#10     CustomLintServer._handleRequest (package:custom_lint/src/v2/custom_lint_analyzer_plugin.dart:175)
<asynchronous suspension>

at:
#0      CustomLintProject.parse.<anonymous closure> (package:custom_lint/src/workspace.dart:923)
#1      _rootRunBinary (dart:async/zone_root.dart:70)
#2      _CustomZone.runBinary (dart:async/zone.dart:822)
#3      _FutureListener.handleError (dart:async/future_impl.dart:237)
#4      Future._propagateToListeners.handleError (dart:async/future_impl.dart:960)
#5      Future._propagateToListeners (dart:async/future_impl.dart:981)
#6      Future._completeErrorObject (dart:async/future_impl.dart:738)
#7      Future._completeError (dart:async/future_impl.dart:742)
<asynchronous suspension>

The request analysis.setSubscriptions failed with the following error:
RequestErrorCode.PLUGIN_ERROR
Failed to read pubspec.yaml at C:\Users\manis\Desktop\workspace\workspace:
ParsedYamlException: line 14, column 3: Unsupported value for "dependencies". type 'String' is not a subtype of type 'Map<dynamic, dynamic>?' in type cast
   ╷
14 │   path:any
   │   ^^^^^^^^
   ╵
#0      checkedYamlDecode (package:checked_yaml/checked_yaml.dart:47)
#1      new Pubspec.parse (package:pubspec_parse/src/pubspec.dart:182)
#2      parsePubspec (package:custom_lint_core/src/package_utils.dart:89)
<asynchronous suspension>
#3      CustomLintProject.parse (package:custom_lint/src/workspace.dart:920)
<asynchronous suspension>
#4      Future.wait.<anonymous closure> (dart:async/future.dart:567)
<asynchronous suspension>
#5      CustomLintWorkspace.fromContextRoots (package:custom_lint/src/workspace.dart:515)
<asynchronous suspension>
#6      SocketCustomLintServerToClientChannel.create (package:custom_lint/src/v2/server_to_client_channel.dart:54)
<asynchronous suspension>
#7      CustomLintServer._maybeSpawnCustomLintPlugin (package:custom_lint/src/v2/custom_lint_analyzer_plugin.dart:362)
<asynchronous suspension>
#8      CustomLintServer._handleAnalysisSetContextRoots.<anonymous closure> (package:custom_lint/src/v2/custom_lint_analyzer_plugin.dart:343)
<asynchronous suspension>
#9      PendingOperation.run (package:custom_lint/src/async_operation.dart:22)
<asynchronous suspension>
#10     CustomLintServer._handleRequest (package:custom_lint/src/v2/custom_lint_analyzer_plugin.dart:175)
<asynchronous suspension>

at:
#0      CustomLintProject.parse.<anonymous closure> (package:custom_lint/src/workspace.dart:923)
#1      _rootRunBinary (dart:async/zone_root.dart:70)
#2      _CustomZone.runBinary (dart:async/zone.dart:822)
#3      _FutureListener.handleError (dart:async/future_impl.dart:237)
#4      Future._propagateToListeners.handleError (dart:async/future_impl.dart:960)
#5      Future._propagateToListeners (dart:async/future_impl.dart:981)
#6      Future._completeErrorObject (dart:async/future_impl.dart:738)
#7      Future._completeError (dart:async/future_impl.dart:742)
<asynchronous suspension>

The request analysis.setAnalysisRoots failed with the following error:
RequestErrorCode.PLUGIN_ERROR
Failed to read pubspec.yaml at C:\Users\manis\Desktop\workspace\workspace:
ParsedYamlException: line 14, column 3: Unsupported value for "dependencies". type 'String' is not a subtype of type 'Map<dynamic, dynamic>?' in type cast
   ╷
14 │   path:any
   │   ^^^^^^^^
   ╵
#0      checkedYamlDecode (package:checked_yaml/checked_yaml.dart:47)
#1      new Pubspec.parse (package:pubspec_parse/src/pubspec.dart:182)
#2      parsePubspec (package:custom_lint_core/src/package_utils.dart:89)
<asynchronous suspension>
#3      CustomLintProject.parse (package:custom_lint/src/workspace.dart:920)
<asynchronous suspension>
#4      Future.wait.<anonymous closure> (dart:async/future.dart:567)
<asynchronous suspension>
#5      CustomLintWorkspace.fromContextRoots (package:custom_lint/src/workspace.dart:515)
<asynchronous suspension>
#6      SocketCustomLintServerToClientChannel.create (package:custom_lint/src/v2/server_to_client_channel.dart:54)
<asynchronous suspension>
#7      CustomLintServer._maybeSpawnCustomLintPlugin (package:custom_lint/src/v2/custom_lint_analyzer_plugin.dart:362)
<asynchronous suspension>
#8      CustomLintServer._handleAnalysisSetContextRoots.<anonymous closure> (package:custom_lint/src/v2/custom_lint_analyzer_plugin.dart:343)
<asynchronous suspension>
#9      PendingOperation.run (package:custom_lint/src/async_operation.dart:22)
<asynchronous suspension>
#10     CustomLintServer._handleRequest (package:custom_lint/src/v2/custom_lint_analyzer_plugin.dart:175)
<asynchronous suspension>

at:
#0      CustomLintProject.parse.<anonymous closure> (package:custom_lint/src/workspace.dart:923)
#1      _rootRunBinary (dart:async/zone_root.dart:70)
#2      _CustomZone.runBinary (dart:async/zone.dart:822)
#3      _FutureListener.handleError (dart:async/future_impl.dart:237)
#4      Future._propagateToListeners.handleError (dart:async/future_impl.dart:960)
#5      Future._propagateToListeners (dart:async/future_impl.dart:981)
#6      Future._completeErrorObject (dart:async/future_impl.dart:738)
#7      Future._completeError (dart:async/future_impl.dart:742)
<asynchronous suspension>

The request analysis.setPriorityFiles failed with the following error:
RequestErrorCode.PLUGIN_ERROR
Failed to read pubspec.yaml at C:\Users\manis\Desktop\workspace\workspace:
ParsedYamlException: line 14, column 3: Unsupported value for "dependencies". type 'String' is not a subtype of type 'Map<dynamic, dynamic>?' in type cast
   ╷
14 │   path:any
   │   ^^^^^^^^
   ╵
#0      checkedYamlDecode (package:checked_yaml/checked_yaml.dart:47)
#1      new Pubspec.parse (package:pubspec_parse/src/pubspec.dart:182)
#2      parsePubspec (package:custom_lint_core/src/package_utils.dart:89)
<asynchronous suspension>
#3      CustomLintProject.parse (package:custom_lint/src/workspace.dart:920)
<asynchronous suspension>
#4      Future.wait.<anonymous closure> (dart:async/future.dart:567)
<asynchronous suspension>
#5      CustomLintWorkspace.fromContextRoots (package:custom_lint/src/workspace.dart:515)
<asynchronous suspension>
#6      SocketCustomLintServerToClientChannel.create (package:custom_lint/src/v2/server_to_client_channel.dart:54)
<asynchronous suspension>
#7      CustomLintServer._maybeSpawnCustomLintPlugin (package:custom_lint/src/v2/custom_lint_analyzer_plugin.dart:362)
<asynchronous suspension>
#8      CustomLintServer._handleAnalysisSetContextRoots.<anonymous closure> (package:custom_lint/src/v2/custom_lint_analyzer_plugin.dart:343)
<asynchronous suspension>
#9      PendingOperation.run (package:custom_lint/src/async_operation.dart:22)
<asynchronous suspension>
#10     CustomLintServer._handleRequest (package:custom_lint/src/v2/custom_lint_analyzer_plugin.dart:175)
<asynchronous suspension>

at:
#0      CustomLintProject.parse.<anonymous closure> (package:custom_lint/src/workspace.dart:923)
#1      _rootRunBinary (dart:async/zone_root.dart:70)
#2      _CustomZone.runBinary (dart:async/zone.dart:822)
#3      _FutureListener.handleError (dart:async/future_impl.dart:237)
#4      Future._propagateToListeners.handleError (dart:async/future_impl.dart:960)
#5      Future._propagateToListeners (dart:async/future_impl.dart:981)
#6      Future._completeErrorObject (dart:async/future_impl.dart:738)
#7      Future._completeError (dart:async/future_impl.dart:742)
<asynchronous suspension>

The request analysis.updateContent failed with the following error:
RequestErrorCode.PLUGIN_ERROR
Failed to read pubspec.yaml at C:\Users\manis\Desktop\workspace\workspace:
ParsedYamlException: line 14, column 3: Unsupported value for "dependencies". type 'String' is not a subtype of type 'Map<dynamic, dynamic>?' in type cast
   ╷
14 │   path:any
   │   ^^^^^^^^
   ╵
#0      checkedYamlDecode (package:checked_yaml/checked_yaml.dart:47)
#1      new Pubspec.parse (package:pubspec_parse/src/pubspec.dart:182)
#2      parsePubspec (package:custom_lint_core/src/package_utils.dart:89)
<asynchronous suspension>
#3      CustomLintProject.parse (package:custom_lint/src/workspace.dart:920)
<asynchronous suspension>
#4      Future.wait.<anonymous closure> (dart:async/future.dart:567)
<asynchronous suspension>
#5      CustomLintWorkspace.fromContextRoots (package:custom_lint/src/workspace.dart:515)
<asynchronous suspension>
#6      SocketCustomLintServerToClientChannel.create (package:custom_lint/src/v2/server_to_client_channel.dart:54)
<asynchronous suspension>
#7      CustomLintServer._maybeSpawnCustomLintPlugin (package:custom_lint/src/v2/custom_lint_analyzer_plugin.dart:362)
<asynchronous suspension>
#8      CustomLintServer._handleAnalysisSetContextRoots.<anonymous closure> (package:custom_lint/src/v2/custom_lint_analyzer_plugin.dart:343)
<asynchronous suspension>
#9      PendingOperation.run (package:custom_lint/src/async_operation.dart:22)
<asynchronous suspension>
#10     CustomLintServer._handleRequest (package:custom_lint/src/v2/custom_lint_analyzer_plugin.dart:175)
<asynchronous suspension>

at:
#0      CustomLintProject.parse.<anonymous closure> (package:custom_lint/src/workspace.dart:923)
#1      _rootRunBinary (dart:async/zone_root.dart:70)
#2      _CustomZone.runBinary (dart:async/zone.dart:822)
#3      _FutureListener.handleError (dart:async/future_impl.dart:237)
#4      Future._propagateToListeners.handleError (dart:async/future_impl.dart:960)
#5      Future._propagateToListeners (dart:async/future_impl.dart:981)
#6      Future._completeErrorObject (dart:async/future_impl.dart:738)
#7      Future._completeError (dart:async/future_impl.dart:742)
<asynchronous suspension>

The request analysis.handleWatchEvents failed with the following error:
RequestErrorCode.PLUGIN_ERROR
Failed to read pubspec.yaml at C:\Users\manis\Desktop\workspace\workspace:
ParsedYamlException: line 14, column 3: Unsupported value for "dependencies". type 'String' is not a subtype of type 'Map<dynamic, dynamic>?' in type cast
   ╷
14 │   path:any
   │   ^^^^^^^^
   ╵
#0      checkedYamlDecode (package:checked_yaml/checked_yaml.dart:47)
#1      new Pubspec.parse (package:pubspec_parse/src/pubspec.dart:182)
#2      parsePubspec (package:custom_lint_core/src/package_utils.dart:89)
<asynchronous suspension>
#3      CustomLintProject.parse (package:custom_lint/src/workspace.dart:920)
<asynchronous suspension>
#4      Future.wait.<anonymous closure> (dart:async/future.dart:567)
<asynchronous suspension>
#5      CustomLintWorkspace.fromContextRoots (package:custom_lint/src/workspace.dart:515)
<asynchronous suspension>
#6      SocketCustomLintServerToClientChannel.create (package:custom_lint/src/v2/server_to_client_channel.dart:54)
<asynchronous suspension>
#7      CustomLintServer._maybeSpawnCustomLintPlugin (package:custom_lint/src/v2/custom_lint_analyzer_plugin.dart:362)
<asynchronous suspension>
#8      CustomLintServer._handleAnalysisSetContextRoots.<anonymous closure> (package:custom_lint/src/v2/custom_lint_analyzer_plugin.dart:343)
<asynchronous suspension>
#9      PendingOperation.run (package:custom_lint/src/async_operation.dart:22)
<asynchronous suspension>
#10     CustomLintServer._handleRequest (package:custom_lint/src/v2/custom_lint_analyzer_plugin.dart:175)
<asynchronous suspension>

at:
#0      CustomLintProject.parse.<anonymous closure> (package:custom_lint/src/workspace.dart:923)
#1      _rootRunBinary (dart:async/zone_root.dart:70)
#2      _CustomZone.runBinary (dart:async/zone.dart:822)
#3      _FutureListener.handleError (dart:async/future_impl.dart:237)
#4      Future._propagateToListeners.handleError (dart:async/future_impl.dart:960)
#5      Future._propagateToListeners (dart:async/future_impl.dart:981)
#6      Future._completeErrorObject (dart:async/future_impl.dart:738)
#7      Future._completeError (dart:async/future_impl.dart:742)
<asynchronous suspension>

The request analysis.handleWatchEvents failed with the following error:
RequestErrorCode.PLUGIN_ERROR
Failed to read pubspec.yaml at C:\Users\manis\Desktop\workspace\workspace:
ParsedYamlException: line 14, column 3: Unsupported value for "dependencies". type 'String' is not a subtype of type 'Map<dynamic, dynamic>?' in type cast
   ╷
14 │   path:any
   │   ^^^^^^^^
   ╵
#0      checkedYamlDecode (package:checked_yaml/checked_yaml.dart:47)
#1      new Pubspec.parse (package:pubspec_parse/src/pubspec.dart:182)
#2      parsePubspec (package:custom_lint_core/src/package_utils.dart:89)
<asynchronous suspension>
#3      CustomLintProject.parse (package:custom_lint/src/workspace.dart:920)
<asynchronous suspension>
#4      Future.wait.<anonymous closure> (dart:async/future.dart:567)
<asynchronous suspension>
#5      CustomLintWorkspace.fromContextRoots (package:custom_lint/src/workspace.dart:515)
<asynchronous suspension>
#6      SocketCustomLintServerToClientChannel.create (package:custom_lint/src/v2/server_to_client_channel.dart:54)
<asynchronous suspension>
#7      CustomLintServer._maybeSpawnCustomLintPlugin (package:custom_lint/src/v2/custom_lint_analyzer_plugin.dart:362)
<asynchronous suspension>
#8      CustomLintServer._handleAnalysisSetContextRoots.<anonymous closure> (package:custom_lint/src/v2/custom_lint_analyzer_plugin.dart:343)
<asynchronous suspension>
#9      PendingOperation.run (package:custom_lint/src/async_operation.dart:22)
<asynchronous suspension>
#10     CustomLintServer._handleRequest (package:custom_lint/src/v2/custom_lint_analyzer_plugin.dart:175)
<asynchronous suspension>

at:
#0      CustomLintProject.parse.<anonymous closure> (package:custom_lint/src/workspace.dart:923)
#1      _rootRunBinary (dart:async/zone_root.dart:70)
#2      _CustomZone.runBinary (dart:async/zone.dart:822)
#3      _FutureListener.handleError (dart:async/future_impl.dart:237)
#4      Future._propagateToListeners.handleError (dart:async/future_impl.dart:960)
#5      Future._propagateToListeners (dart:async/future_impl.dart:981)
#6      Future._completeErrorObject (dart:async/future_impl.dart:738)
#7      Future._completeError (dart:async/future_impl.dart:742)
<asynchronous suspension>

The request analysis.handleWatchEvents failed with the following error:
RequestErrorCode.PLUGIN_ERROR
Failed to read pubspec.yaml at C:\Users\manis\Desktop\workspace\workspace:
ParsedYamlException: line 14, column 3: Unsupported value for "dependencies". type 'String' is not a subtype of type 'Map<dynamic, dynamic>?' in type cast
   ╷
14 │   path:any
   │   ^^^^^^^^
   ╵
#0      checkedYamlDecode (package:checked_yaml/checked_yaml.dart:47)
#1      new Pubspec.parse (package:pubspec_parse/src/pubspec.dart:182)
#2      parsePubspec (package:custom_lint_core/src/package_utils.dart:89)
<asynchronous suspension>
#3      CustomLintProject.parse (package:custom_lint/src/workspace.dart:920)
<asynchronous suspension>
#4      Future.wait.<anonymous closure> (dart:async/future.dart:567)
<asynchronous suspension>
#5      CustomLintWorkspace.fromContextRoots (package:custom_lint/src/workspace.dart:515)
<asynchronous suspension>
#6      SocketCustomLintServerToClientChannel.create (package:custom_lint/src/v2/server_to_client_channel.dart:54)
<asynchronous suspension>
#7      CustomLintServer._maybeSpawnCustomLintPlugin (package:custom_lint/src/v2/custom_lint_analyzer_plugin.dart:362)
<asynchronous suspension>
#8      CustomLintServer._handleAnalysisSetContextRoots.<anonymous closure> (package:custom_lint/src/v2/custom_lint_analyzer_plugin.dart:343)
<asynchronous suspension>
#9      PendingOperation.run (package:custom_lint/src/async_operation.dart:22)
<asynchronous suspension>
#10     CustomLintServer._handleRequest (package:custom_lint/src/v2/custom_lint_analyzer_plugin.dart:175)
<asynchronous suspension>

at:
#0      CustomLintProject.parse.<anonymous closure> (package:custom_lint/src/workspace.dart:923)
#1      _rootRunBinary (dart:async/zone_root.dart:70)
#2      _CustomZone.runBinary (dart:async/zone.dart:822)
#3      _FutureListener.handleError (dart:async/future_impl.dart:237)
#4      Future._propagateToListeners.handleError (dart:async/future_impl.dart:960)
#5      Future._propagateToListeners (dart:async/future_impl.dart:981)
#6      Future._completeErrorObject (dart:async/future_impl.dart:738)
#7      Future._completeError (dart:async/future_impl.dart:742)
<asynchronous suspension>

The request analysis.handleWatchEvents failed with the following error:
RequestErrorCode.PLUGIN_ERROR
Failed to read pubspec.yaml at C:\Users\manis\Desktop\workspace\workspace:
ParsedYamlException: line 14, column 3: Unsupported value for "dependencies". type 'String' is not a subtype of type 'Map<dynamic, dynamic>?' in type cast
   ╷
14 │   path:any
   │   ^^^^^^^^
   ╵
#0      checkedYamlDecode (package:checked_yaml/checked_yaml.dart:47)
#1      new Pubspec.parse (package:pubspec_parse/src/pubspec.dart:182)
#2      parsePubspec (package:custom_lint_core/src/package_utils.dart:89)
<asynchronous suspension>
#3      CustomLintProject.parse (package:custom_lint/src/workspace.dart:920)
<asynchronous suspension>
#4      Future.wait.<anonymous closure> (dart:async/future.dart:567)
<asynchronous suspension>
#5      CustomLintWorkspace.fromContextRoots (package:custom_lint/src/workspace.dart:515)
<asynchronous suspension>
#6      SocketCustomLintServerToClientChannel.create (package:custom_lint/src/v2/server_to_client_channel.dart:54)
<asynchronous suspension>
#7      CustomLintServer._maybeSpawnCustomLintPlugin (package:custom_lint/src/v2/custom_lint_analyzer_plugin.dart:362)
<asynchronous suspension>
#8      CustomLintServer._handleAnalysisSetContextRoots.<anonymous closure> (package:custom_lint/src/v2/custom_lint_analyzer_plugin.dart:343)
<asynchronous suspension>
#9      PendingOperation.run (package:custom_lint/src/async_operation.dart:22)
<asynchronous suspension>
#10     CustomLintServer._handleRequest (package:custom_lint/src/v2/custom_lint_analyzer_plugin.dart:175)
<asynchronous suspension>

at:
#0      CustomLintProject.parse.<anonymous closure> (package:custom_lint/src/workspace.dart:923)
#1      _rootRunBinary (dart:async/zone_root.dart:70)
#2      _CustomZone.runBinary (dart:async/zone.dart:822)
#3      _FutureListener.handleError (dart:async/future_impl.dart:237)
#4      Future._propagateToListeners.handleError (dart:async/future_impl.dart:960)
#5      Future._propagateToListeners (dart:async/future_impl.dart:981)
#6      Future._completeErrorObject (dart:async/future_impl.dart:738)
#7      Future._completeError (dart:async/future_impl.dart:742)
<asynchronous suspension>

The request analysis.handleWatchEvents failed with the following error:
RequestErrorCode.PLUGIN_ERROR
Failed to read pubspec.yaml at C:\Users\manis\Desktop\workspace\workspace:
ParsedYamlException: line 14, column 3: Unsupported value for "dependencies". type 'String' is not a subtype of type 'Map<dynamic, dynamic>?' in type cast
   ╷
14 │   path:any
   │   ^^^^^^^^
   ╵
#0      checkedYamlDecode (package:checked_yaml/checked_yaml.dart:47)
#1      new Pubspec.parse (package:pubspec_parse/src/pubspec.dart:182)
#2      parsePubspec (package:custom_lint_core/src/package_utils.dart:89)
<asynchronous suspension>
#3      CustomLintProject.parse (package:custom_lint/src/workspace.dart:920)
<asynchronous suspension>
#4      Future.wait.<anonymous closure> (dart:async/future.dart:567)
<asynchronous suspension>
#5      CustomLintWorkspace.fromContextRoots (package:custom_lint/src/workspace.dart:515)
<asynchronous suspension>
#6      SocketCustomLintServerToClientChannel.create (package:custom_lint/src/v2/server_to_client_channel.dart:54)
<asynchronous suspension>
#7      CustomLintServer._maybeSpawnCustomLintPlugin (package:custom_lint/src/v2/custom_lint_analyzer_plugin.dart:362)
<asynchronous suspension>
#8      CustomLintServer._handleAnalysisSetContextRoots.<anonymous closure> (package:custom_lint/src/v2/custom_lint_analyzer_plugin.dart:343)
<asynchronous suspension>
#9      PendingOperation.run (package:custom_lint/src/async_operation.dart:22)
<asynchronous suspension>
#10     CustomLintServer._handleRequest (package:custom_lint/src/v2/custom_lint_analyzer_plugin.dart:175)
<asynchronous suspension>

at:
#0      CustomLintProject.parse.<anonymous closure> (package:custom_lint/src/workspace.dart:923)
#1      _rootRunBinary (dart:async/zone_root.dart:70)
#2      _CustomZone.runBinary (dart:async/zone.dart:822)
#3      _FutureListener.handleError (dart:async/future_impl.dart:237)
#4      Future._propagateToListeners.handleError (dart:async/future_impl.dart:960)
#5      Future._propagateToListeners (dart:async/future_impl.dart:981)
#6      Future._completeErrorObject (dart:async/future_impl.dart:738)
#7      Future._completeError (dart:async/future_impl.dart:742)
<asynchronous suspension>

The request analysis.updateContent failed with the following error:
RequestErrorCode.PLUGIN_ERROR
Failed to read pubspec.yaml at C:\Users\manis\Desktop\workspace\workspace:
ParsedYamlException: line 14, column 3: Unsupported value for "dependencies". type 'String' is not a subtype of type 'Map<dynamic, dynamic>?' in type cast
   ╷
14 │   path:any
   │   ^^^^^^^^
   ╵
#0      checkedYamlDecode (package:checked_yaml/checked_yaml.dart:47)
#1      new Pubspec.parse (package:pubspec_parse/src/pubspec.dart:182)
#2      parsePubspec (package:custom_lint_core/src/package_utils.dart:89)
<asynchronous suspension>
#3      CustomLintProject.parse (package:custom_lint/src/workspace.dart:920)
<asynchronous suspension>
#4      Future.wait.<anonymous closure> (dart:async/future.dart:567)
<asynchronous suspension>
#5      CustomLintWorkspace.fromContextRoots (package:custom_lint/src/workspace.dart:515)
<asynchronous suspension>
#6      SocketCustomLintServerToClientChannel.create (package:custom_lint/src/v2/server_to_client_channel.dart:54)
<asynchronous suspension>
#7      CustomLintServer._maybeSpawnCustomLintPlugin (package:custom_lint/src/v2/custom_lint_analyzer_plugin.dart:362)
<asynchronous suspension>
#8      CustomLintServer._handleAnalysisSetContextRoots.<anonymous closure> (package:custom_lint/src/v2/custom_lint_analyzer_plugin.dart:343)
<asynchronous suspension>
#9      PendingOperation.run (package:custom_lint/src/async_operation.dart:22)
<asynchronous suspension>
#10     CustomLintServer._handleRequest (package:custom_lint/src/v2/custom_lint_analyzer_plugin.dart:175)
<asynchronous suspension>

at:
#0      CustomLintProject.parse.<anonymous closure> (package:custom_lint/src/workspace.dart:923)
#1      _rootRunBinary (dart:async/zone_root.dart:70)
#2      _CustomZone.runBinary (dart:async/zone.dart:822)
#3      _FutureListener.handleError (dart:async/future_impl.dart:237)
#4      Future._propagateToListeners.handleError (dart:async/future_impl.dart:960)
#5      Future._propagateToListeners (dart:async/future_impl.dart:981)
#6      Future._completeErrorObject (dart:async/future_impl.dart:738)
#7      Future._completeError (dart:async/future_impl.dart:742)
<asynchronous suspension>

The request analysis.updateContent failed with the following error:
RequestErrorCode.PLUGIN_ERROR
Failed to read pubspec.yaml at C:\Users\manis\Desktop\workspace\workspace:
ParsedYamlException: line 14, column 3: Unsupported value for "dependencies". type 'String' is not a subtype of type 'Map<dynamic, dynamic>?' in type cast
   ╷
14 │   path:any
   │   ^^^^^^^^
   ╵
#0      checkedYamlDecode (package:checked_yaml/checked_yaml.dart:47)
#1      new Pubspec.parse (package:pubspec_parse/src/pubspec.dart:182)
#2      parsePubspec (package:custom_lint_core/src/package_utils.dart:89)
<asynchronous suspension>
#3      CustomLintProject.parse (package:custom_lint/src/workspace.dart:920)
<asynchronous suspension>
#4      Future.wait.<anonymous closure> (dart:async/future.dart:567)
<asynchronous suspension>
#5      CustomLintWorkspace.fromContextRoots (package:custom_lint/src/workspace.dart:515)
<asynchronous suspension>
#6      SocketCustomLintServerToClientChannel.create (package:custom_lint/src/v2/server_to_client_channel.dart:54)
<asynchronous suspension>
#7      CustomLintServer._maybeSpawnCustomLintPlugin (package:custom_lint/src/v2/custom_lint_analyzer_plugin.dart:362)
<asynchronous suspension>
#8      CustomLintServer._handleAnalysisSetContextRoots.<anonymous closure> (package:custom_lint/src/v2/custom_lint_analyzer_plugin.dart:343)
<asynchronous suspension>
#9      PendingOperation.run (package:custom_lint/src/async_operation.dart:22)
<asynchronous suspension>
#10     CustomLintServer._handleRequest (package:custom_lint/src/v2/custom_lint_analyzer_plugin.dart:175)
<asynchronous suspension>

at:
#0      CustomLintProject.parse.<anonymous closure> (package:custom_lint/src/workspace.dart:923)
#1      _rootRunBinary (dart:async/zone_root.dart:70)
#2      _CustomZone.runBinary (dart:async/zone.dart:822)
#3      _FutureListener.handleError (dart:async/future_impl.dart:237)
#4      Future._propagateToListeners.handleError (dart:async/future_impl.dart:960)
#5      Future._propagateToListeners (dart:async/future_impl.dart:981)
#6      Future._completeErrorObject (dart:async/future_impl.dart:738)
#7      Future._completeError (dart:async/future_impl.dart:742)
<asynchronous suspension>

The request analysis.updateContent failed with the following error:
RequestErrorCode.PLUGIN_ERROR
Failed to read pubspec.yaml at C:\Users\manis\Desktop\workspace\workspace:
ParsedYamlException: line 14, column 3: Unsupported value for "dependencies". type 'String' is not a subtype of type 'Map<dynamic, dynamic>?' in type cast
   ╷
14 │   path:any
   │   ^^^^^^^^
   ╵
#0      checkedYamlDecode (package:checked_yaml/checked_yaml.dart:47)
#1      new Pubspec.parse (package:pubspec_parse/src/pubspec.dart:182)
#2      parsePubspec (package:custom_lint_core/src/package_utils.dart:89)
<asynchronous suspension>
#3      CustomLintProject.parse (package:custom_lint/src/workspace.dart:920)
<asynchronous suspension>
#4      Future.wait.<anonymous closure> (dart:async/future.dart:567)
<asynchronous suspension>
#5      CustomLintWorkspace.fromContextRoots (package:custom_lint/src/workspace.dart:515)
<asynchronous suspension>
#6      SocketCustomLintServerToClientChannel.create (package:custom_lint/src/v2/server_to_client_channel.dart:54)
<asynchronous suspension>
#7      CustomLintServer._maybeSpawnCustomLintPlugin (package:custom_lint/src/v2/custom_lint_analyzer_plugin.dart:362)
<asynchronous suspension>
#8      CustomLintServer._handleAnalysisSetContextRoots.<anonymous closure> (package:custom_lint/src/v2/custom_lint_analyzer_plugin.dart:343)
<asynchronous suspension>
#9      PendingOperation.run (package:custom_lint/src/async_operation.dart:22)
<asynchronous suspension>
#10     CustomLintServer._handleRequest (package:custom_lint/src/v2/custom_lint_analyzer_plugin.dart:175)
<asynchronous suspension>

at:
#0      CustomLintProject.parse.<anonymous closure> (package:custom_lint/src/workspace.dart:923)
#1      _rootRunBinary (dart:async/zone_root.dart:70)
#2      _CustomZone.runBinary (dart:async/zone.dart:822)
#3      _FutureListener.handleError (dart:async/future_impl.dart:237)
#4      Future._propagateToListeners.handleError (dart:async/future_impl.dart:960)
#5      Future._propagateToListeners (dart:async/future_impl.dart:981)
#6      Future._completeErrorObject (dart:async/future_impl.dart:738)
#7      Future._completeError (dart:async/future_impl.dart:742)
<asynchronous suspension>

The request analysis.updateContent failed with the following error:
RequestErrorCode.PLUGIN_ERROR
Failed to read pubspec.yaml at C:\Users\manis\Desktop\workspace\workspace:
ParsedYamlException: line 14, column 3: Unsupported value for "dependencies". type 'String' is not a subtype of type 'Map<dynamic, dynamic>?' in type cast
   ╷
14 │   path:any
   │   ^^^^^^^^
   ╵
#0      checkedYamlDecode (package:checked_yaml/checked_yaml.dart:47)
#1      new Pubspec.parse (package:pubspec_parse/src/pubspec.dart:182)
#2      parsePubspec (package:custom_lint_core/src/package_utils.dart:89)
<asynchronous suspension>
#3      CustomLintProject.parse (package:custom_lint/src/workspace.dart:920)
<asynchronous suspension>
#4      Future.wait.<anonymous closure> (dart:async/future.dart:567)
<asynchronous suspension>
#5      CustomLintWorkspace.fromContextRoots (package:custom_lint/src/workspace.dart:515)
<asynchronous suspension>
#6      SocketCustomLintServerToClientChannel.create (package:custom_lint/src/v2/server_to_client_channel.dart:54)
<asynchronous suspension>
#7      CustomLintServer._maybeSpawnCustomLintPlugin (package:custom_lint/src/v2/custom_lint_analyzer_plugin.dart:362)
<asynchronous suspension>
#8      CustomLintServer._handleAnalysisSetContextRoots.<anonymous closure> (package:custom_lint/src/v2/custom_lint_analyzer_plugin.dart:343)
<asynchronous suspension>
#9      PendingOperation.run (package:custom_lint/src/async_operation.dart:22)
<asynchronous suspension>
#10     CustomLintServer._handleRequest (package:custom_lint/src/v2/custom_lint_analyzer_plugin.dart:175)
<asynchronous suspension>

at:
#0      CustomLintProject.parse.<anonymous closure> (package:custom_lint/src/workspace.dart:923)
#1      _rootRunBinary (dart:async/zone_root.dart:70)
#2      _CustomZone.runBinary (dart:async/zone.dart:822)
#3      _FutureListener.handleError (dart:async/future_impl.dart:237)
#4      Future._propagateToListeners.handleError (dart:async/future_impl.dart:960)
#5      Future._propagateToListeners (dart:async/future_impl.dart:981)
#6      Future._completeErrorObject (dart:async/future_impl.dart:738)
#7      Future._completeError (dart:async/future_impl.dart:742)
<asynchronous suspension>

The request analysis.updateContent failed with the following error:
RequestErrorCode.PLUGIN_ERROR
Failed to read pubspec.yaml at C:\Users\manis\Desktop\workspace\workspace:
ParsedYamlException: line 14, column 3: Unsupported value for "dependencies". type 'String' is not a subtype of type 'Map<dynamic, dynamic>?' in type cast
   ╷
14 │   path:any
   │   ^^^^^^^^
   ╵
#0      checkedYamlDecode (package:checked_yaml/checked_yaml.dart:47)
#1      new Pubspec.parse (package:pubspec_parse/src/pubspec.dart:182)
#2      parsePubspec (package:custom_lint_core/src/package_utils.dart:89)
<asynchronous suspension>
#3      CustomLintProject.parse (package:custom_lint/src/workspace.dart:920)
<asynchronous suspension>
#4      Future.wait.<anonymous closure> (dart:async/future.dart:567)
<asynchronous suspension>
#5      CustomLintWorkspace.fromContextRoots (package:custom_lint/src/workspace.dart:515)
<asynchronous suspension>
#6      SocketCustomLintServerToClientChannel.create (package:custom_lint/src/v2/server_to_client_channel.dart:54)
<asynchronous suspension>
#7      CustomLintServer._maybeSpawnCustomLintPlugin (package:custom_lint/src/v2/custom_lint_analyzer_plugin.dart:362)
<asynchronous suspension>
#8      CustomLintServer._handleAnalysisSetContextRoots.<anonymous closure> (package:custom_lint/src/v2/custom_lint_analyzer_plugin.dart:343)
<asynchronous suspension>
#9      PendingOperation.run (package:custom_lint/src/async_operation.dart:22)
<asynchronous suspension>
#10     CustomLintServer._handleRequest (package:custom_lint/src/v2/custom_lint_analyzer_plugin.dart:175)
<asynchronous suspension>

at:
#0      CustomLintProject.parse.<anonymous closure> (package:custom_lint/src/workspace.dart:923)
#1      _rootRunBinary (dart:async/zone_root.dart:70)
#2      _CustomZone.runBinary (dart:async/zone.dart:822)
#3      _FutureListener.handleError (dart:async/future_impl.dart:237)
#4      Future._propagateToListeners.handleError (dart:async/future_impl.dart:960)
#5      Future._propagateToListeners (dart:async/future_impl.dart:981)
#6      Future._completeErrorObject (dart:async/future_impl.dart:738)
#7      Future._completeError (dart:async/future_impl.dart:742)
<asynchronous suspension>

The request analysis.handleWatchEvents failed with the following error:
RequestErrorCode.PLUGIN_ERROR
Failed to read pubspec.yaml at C:\Users\manis\Desktop\workspace\workspace:
ParsedYamlException: line 14, column 3: Unsupported value for "dependencies". type 'String' is not a subtype of type 'Map<dynamic, dynamic>?' in type cast
   ╷
14 │   path:any
   │   ^^^^^^^^
   ╵
#0      checkedYamlDecode (package:checked_yaml/checked_yaml.dart:47)
#1      new Pubspec.parse (package:pubspec_parse/src/pubspec.dart:182)
#2      parsePubspec (package:custom_lint_core/src/package_utils.dart:89)
<asynchronous suspension>
#3      CustomLintProject.parse (package:custom_lint/src/workspace.dart:920)
<asynchronous suspension>
#4      Future.wait.<anonymous closure> (dart:async/future.dart:567)
<asynchronous suspension>
#5      CustomLintWorkspace.fromContextRoots (package:custom_lint/src/workspace.dart:515)
<asynchronous suspension>
#6      SocketCustomLintServerToClientChannel.create (package:custom_lint/src/v2/server_to_client_channel.dart:54)
<asynchronous suspension>
#7      CustomLintServer._maybeSpawnCustomLintPlugin (package:custom_lint/src/v2/custom_lint_analyzer_plugin.dart:362)
<asynchronous suspension>
#8      CustomLintServer._handleAnalysisSetContextRoots.<anonymous closure> (package:custom_lint/src/v2/custom_lint_analyzer_plugin.dart:343)
<asynchronous suspension>
#9      PendingOperation.run (package:custom_lint/src/async_operation.dart:22)
<asynchronous suspension>
#10     CustomLintServer._handleRequest (package:custom_lint/src/v2/custom_lint_analyzer_plugin.dart:175)
<asynchronous suspension>

at:
#0      CustomLintProject.parse.<anonymous closure> (package:custom_lint/src/workspace.dart:923)
#1      _rootRunBinary (dart:async/zone_root.dart:70)
#2      _CustomZone.runBinary (dart:async/zone.dart:822)
#3      _FutureListener.handleError (dart:async/future_impl.dart:237)
#4      Future._propagateToListeners.handleError (dart:async/future_impl.dart:960)
#5      Future._propagateToListeners (dart:async/future_impl.dart:981)
#6      Future._completeErrorObject (dart:async/future_impl.dart:738)
#7      Future._completeError (dart:async/future_impl.dart:742)
<asynchronous suspension>

The request analysis.handleWatchEvents failed with the following error:
RequestErrorCode.PLUGIN_ERROR
Failed to read pubspec.yaml at C:\Users\manis\Desktop\workspace\workspace:
ParsedYamlException: line 14, column 3: Unsupported value for "dependencies". type 'String' is not a subtype of type 'Map<dynamic, dynamic>?' in type cast
   ╷
14 │   path:any
   │   ^^^^^^^^
   ╵
#0      checkedYamlDecode (package:checked_yaml/checked_yaml.dart:47)
#1      new Pubspec.parse (package:pubspec_parse/src/pubspec.dart:182)
#2      parsePubspec (package:custom_lint_core/src/package_utils.dart:89)
<asynchronous suspension>
#3      CustomLintProject.parse (package:custom_lint/src/workspace.dart:920)
<asynchronous suspension>
#4      Future.wait.<anonymous closure> (dart:async/future.dart:567)
<asynchronous suspension>
#5      CustomLintWorkspace.fromContextRoots (package:custom_lint/src/workspace.dart:515)
<asynchronous suspension>
#6      SocketCustomLintServerToClientChannel.create (package:custom_lint/src/v2/server_to_client_channel.dart:54)
<asynchronous suspension>
#7      CustomLintServer._maybeSpawnCustomLintPlugin (package:custom_lint/src/v2/custom_lint_analyzer_plugin.dart:362)
<asynchronous suspension>
#8      CustomLintServer._handleAnalysisSetContextRoots.<anonymous closure> (package:custom_lint/src/v2/custom_lint_analyzer_plugin.dart:343)
<asynchronous suspension>
#9      PendingOperation.run (package:custom_lint/src/async_operation.dart:22)
<asynchronous suspension>
#10     CustomLintServer._handleRequest (package:custom_lint/src/v2/custom_lint_analyzer_plugin.dart:175)
<asynchronous suspension>

at:
#0      CustomLintProject.parse.<anonymous closure> (package:custom_lint/src/workspace.dart:923)
#1      _rootRunBinary (dart:async/zone_root.dart:70)
#2      _CustomZone.runBinary (dart:async/zone.dart:822)
#3      _FutureListener.handleError (dart:async/future_impl.dart:237)
#4      Future._propagateToListeners.handleError (dart:async/future_impl.dart:960)
#5      Future._propagateToListeners (dart:async/future_impl.dart:981)
#6      Future._completeErrorObject (dart:async/future_impl.dart:738)
#7      Future._completeError (dart:async/future_impl.dart:742)
<asynchronous suspension>

The request analysis.handleWatchEvents failed with the following error:
RequestErrorCode.PLUGIN_ERROR
Failed to read pubspec.yaml at C:\Users\manis\Desktop\workspace\workspace:
ParsedYamlException: line 14, column 3: Unsupported value for "dependencies". type 'String' is not a subtype of type 'Map<dynamic, dynamic>?' in type cast
   ╷
14 │   path:any
   │   ^^^^^^^^
   ╵
#0      checkedYamlDecode (package:checked_yaml/checked_yaml.dart:47)
#1      new Pubspec.parse (package:pubspec_parse/src/pubspec.dart:182)
#2      parsePubspec (package:custom_lint_core/src/package_utils.dart:89)
<asynchronous suspension>
#3      CustomLintProject.parse (package:custom_lint/src/workspace.dart:920)
<asynchronous suspension>
#4      Future.wait.<anonymous closure> (dart:async/future.dart:567)
<asynchronous suspension>
#5      CustomLintWorkspace.fromContextRoots (package:custom_lint/src/workspace.dart:515)
<asynchronous suspension>
#6      SocketCustomLintServerToClientChannel.create (package:custom_lint/src/v2/server_to_client_channel.dart:54)
<asynchronous suspension>
#7      CustomLintServer._maybeSpawnCustomLintPlugin (package:custom_lint/src/v2/custom_lint_analyzer_plugin.dart:362)
<asynchronous suspension>
#8      CustomLintServer._handleAnalysisSetContextRoots.<anonymous closure> (package:custom_lint/src/v2/custom_lint_analyzer_plugin.dart:343)
<asynchronous suspension>
#9      PendingOperation.run (package:custom_lint/src/async_operation.dart:22)
<asynchronous suspension>
#10     CustomLintServer._handleRequest (package:custom_lint/src/v2/custom_lint_analyzer_plugin.dart:175)
<asynchronous suspension>

at:
#0      CustomLintProject.parse.<anonymous closure> (package:custom_lint/src/workspace.dart:923)
#1      _rootRunBinary (dart:async/zone_root.dart:70)
#2      _CustomZone.runBinary (dart:async/zone.dart:822)
#3      _FutureListener.handleError (dart:async/future_impl.dart:237)
#4      Future._propagateToListeners.handleError (dart:async/future_impl.dart:960)
#5      Future._propagateToListeners (dart:async/future_impl.dart:981)
#6      Future._completeErrorObject (dart:async/future_impl.dart:738)
#7      Future._completeError (dart:async/future_impl.dart:742)
<asynchronous suspension>

The request analysis.handleWatchEvents failed with the following error:
RequestErrorCode.PLUGIN_ERROR
Failed to read pubspec.yaml at C:\Users\manis\Desktop\workspace\workspace:
ParsedYamlException: line 14, column 3: Unsupported value for "dependencies". type 'String' is not a subtype of type 'Map<dynamic, dynamic>?' in type cast
   ╷
14 │   path:any
   │   ^^^^^^^^
   ╵
#0      checkedYamlDecode (package:checked_yaml/checked_yaml.dart:47)
#1      new Pubspec.parse (package:pubspec_parse/src/pubspec.dart:182)
#2      parsePubspec (package:custom_lint_core/src/package_utils.dart:89)
<asynchronous suspension>
#3      CustomLintProject.parse (package:custom_lint/src/workspace.dart:920)
<asynchronous suspension>
#4      Future.wait.<anonymous closure> (dart:async/future.dart:567)
<asynchronous suspension>
#5      CustomLintWorkspace.fromContextRoots (package:custom_lint/src/workspace.dart:515)
<asynchronous suspension>
#6      SocketCustomLintServerToClientChannel.create (package:custom_lint/src/v2/server_to_client_channel.dart:54)
<asynchronous suspension>
#7      CustomLintServer._maybeSpawnCustomLintPlugin (package:custom_lint/src/v2/custom_lint_analyzer_plugin.dart:362)
<asynchronous suspension>
#8      CustomLintServer._handleAnalysisSetContextRoots.<anonymous closure> (package:custom_lint/src/v2/custom_lint_analyzer_plugin.dart:343)
<asynchronous suspension>
#9      PendingOperation.run (package:custom_lint/src/async_operation.dart:22)
<asynchronous suspension>
#10     CustomLintServer._handleRequest (package:custom_lint/src/v2/custom_lint_analyzer_plugin.dart:175)
<asynchronous suspension>

at:
#0      CustomLintProject.parse.<anonymous closure> (package:custom_lint/src/workspace.dart:923)
#1      _rootRunBinary (dart:async/zone_root.dart:70)
#2      _CustomZone.runBinary (dart:async/zone.dart:822)
#3      _FutureListener.handleError (dart:async/future_impl.dart:237)
#4      Future._propagateToListeners.handleError (dart:async/future_impl.dart:960)
#5      Future._propagateToListeners (dart:async/future_impl.dart:981)
#6      Future._completeErrorObject (dart:async/future_impl.dart:738)
#7      Future._completeError (dart:async/future_impl.dart:742)
<asynchronous suspension>

The request analysis.handleWatchEvents failed with the following error:
RequestErrorCode.PLUGIN_ERROR
Failed to read pubspec.yaml at C:\Users\manis\Desktop\workspace\workspace:
ParsedYamlException: line 14, column 3: Unsupported value for "dependencies". type 'String' is not a subtype of type 'Map<dynamic, dynamic>?' in type cast
   ╷
14 │   path:any
   │   ^^^^^^^^
   ╵
#0      checkedYamlDecode (package:checked_yaml/checked_yaml.dart:47)
#1      new Pubspec.parse (package:pubspec_parse/src/pubspec.dart:182)
#2      parsePubspec (package:custom_lint_core/src/package_utils.dart:89)
<asynchronous suspension>
#3      CustomLintProject.parse (package:custom_lint/src/workspace.dart:920)
<asynchronous suspension>
#4      Future.wait.<anonymous closure> (dart:async/future.dart:567)
<asynchronous suspension>
#5      CustomLintWorkspace.fromContextRoots (package:custom_lint/src/workspace.dart:515)
<asynchronous suspension>
#6      SocketCustomLintServerToClientChannel.create (package:custom_lint/src/v2/server_to_client_channel.dart:54)
<asynchronous suspension>
#7      CustomLintServer._maybeSpawnCustomLintPlugin (package:custom_lint/src/v2/custom_lint_analyzer_plugin.dart:362)
<asynchronous suspension>
#8      CustomLintServer._handleAnalysisSetContextRoots.<anonymous closure> (package:custom_lint/src/v2/custom_lint_analyzer_plugin.dart:343)
<asynchronous suspension>
#9      PendingOperation.run (package:custom_lint/src/async_operation.dart:22)
<asynchronous suspension>
#10     CustomLintServer._handleRequest (package:custom_lint/src/v2/custom_lint_analyzer_plugin.dart:175)
<asynchronous suspension>

at:
#0      CustomLintProject.parse.<anonymous closure> (package:custom_lint/src/workspace.dart:923)
#1      _rootRunBinary (dart:async/zone_root.dart:70)
#2      _CustomZone.runBinary (dart:async/zone.dart:822)
#3      _FutureListener.handleError (dart:async/future_impl.dart:237)
#4      Future._propagateToListeners.handleError (dart:async/future_impl.dart:960)
#5      Future._propagateToListeners (dart:async/future_impl.dart:981)
#6      Future._completeErrorObject (dart:async/future_impl.dart:738)
#7      Future._completeError (dart:async/future_impl.dart:742)
<asynchronous suspension>

The request analysis.handleWatchEvents failed with the following error:
RequestErrorCode.PLUGIN_ERROR
Failed to read pubspec.yaml at C:\Users\manis\Desktop\workspace\workspace:
ParsedYamlException: line 14, column 3: Unsupported value for "dependencies". type 'String' is not a subtype of type 'Map<dynamic, dynamic>?' in type cast
   ╷
14 │   path:any
   │   ^^^^^^^^
   ╵
#0      checkedYamlDecode (package:checked_yaml/checked_yaml.dart:47)
#1      new Pubspec.parse (package:pubspec_parse/src/pubspec.dart:182)
#2      parsePubspec (package:custom_lint_core/src/package_utils.dart:89)
<asynchronous suspension>
#3      CustomLintProject.parse (package:custom_lint/src/workspace.dart:920)
<asynchronous suspension>
#4      Future.wait.<anonymous closure> (dart:async/future.dart:567)
<asynchronous suspension>
#5      CustomLintWorkspace.fromContextRoots (package:custom_lint/src/workspace.dart:515)
<asynchronous suspension>
#6      SocketCustomLintServerToClientChannel.create (package:custom_lint/src/v2/server_to_client_channel.dart:54)
<asynchronous suspension>
#7      CustomLintServer._maybeSpawnCustomLintPlugin (package:custom_lint/src/v2/custom_lint_analyzer_plugin.dart:362)
<asynchronous suspension>
#8      CustomLintServer._handleAnalysisSetContextRoots.<anonymous closure> (package:custom_lint/src/v2/custom_lint_analyzer_plugin.dart:343)
<asynchronous suspension>
#9      PendingOperation.run (package:custom_lint/src/async_operation.dart:22)
<asynchronous suspension>
#10     CustomLintServer._handleRequest (package:custom_lint/src/v2/custom_lint_analyzer_plugin.dart:175)
<asynchronous suspension>

at:
#0      CustomLintProject.parse.<anonymous closure> (package:custom_lint/src/workspace.dart:923)
#1      _rootRunBinary (dart:async/zone_root.dart:70)
#2      _CustomZone.runBinary (dart:async/zone.dart:822)
#3      _FutureListener.handleError (dart:async/future_impl.dart:237)
#4      Future._propagateToListeners.handleError (dart:async/future_impl.dart:960)
#5      Future._propagateToListeners (dart:async/future_impl.dart:981)
#6      Future._completeErrorObject (dart:async/future_impl.dart:738)
#7      Future._completeError (dart:async/future_impl.dart:742)
<asynchronous suspension>

The request analysis.setAnalysisRoots failed with the following error:
RequestErrorCode.PLUGIN_ERROR
A request threw the exception:Unknown request: analysis.setAnalysisRoots
null
at:
#0      SocketCustomLintServerToClientChannel.sendCustomLintRequest (package:custom_lint/src/v2/server_to_client_channel.dart:273)
<asynchronous suspension>
#1      SocketCustomLintServerToClientChannel.sendAnalyzerPluginRequest (package:custom_lint/src/v2/server_to_client_channel.dart:234)
<asynchronous suspension>
#2      CustomLintServer._handleRequest.<anonymous closure>.<anonymous closure> (package:custom_lint/src/v2/custom_lint_analyzer_plugin.dart:192)
<asynchronous suspension>
#3      PendingOperation.run (package:custom_lint/src/async_operation.dart:22)
<asynchronous suspension>
#4      CustomLintServer._handleRequest (package:custom_lint/src/v2/custom_lint_analyzer_plugin.dart:175)
<asynchronous suspension>

The request analysis.setAnalysisRoots failed with the following error:
RequestErrorCode.PLUGIN_ERROR
A request threw the exception:Unknown request: analysis.setAnalysisRoots
null
at:
#0      SocketCustomLintServerToClientChannel.sendCustomLintRequest (package:custom_lint/src/v2/server_to_client_channel.dart:273)
<asynchronous suspension>
#1      SocketCustomLintServerToClientChannel.sendAnalyzerPluginRequest (package:custom_lint/src/v2/server_to_client_channel.dart:234)
<asynchronous suspension>
#2      CustomLintServer._handleRequest.<anonymous closure>.<anonymous closure> (package:custom_lint/src/v2/custom_lint_analyzer_plugin.dart:192)
<asynchronous suspension>
#3      PendingOperation.run (package:custom_lint/src/async_operation.dart:22)
<asynchronous suspension>
#4      CustomLintServer._handleRequest (package:custom_lint/src/v2/custom_lint_analyzer_plugin.dart:175)
<asynchronous suspension>

